
===========================================================================
 report_power
============================================================================
======================= Fastest Corner ===================================

Group                  Internal  Switching    Leakage      Total
                          Power      Power      Power      Power (Watts)
----------------------------------------------------------------
Sequential             1.00e-04   2.33e-05   1.59e-07   1.24e-04  34.5%
Combinational          1.39e-04   9.63e-05   2.73e-09   2.35e-04  65.5%
Macro                  0.00e+00   0.00e+00   0.00e+00   0.00e+00   0.0%
Pad                    0.00e+00   0.00e+00   0.00e+00   0.00e+00   0.0%
----------------------------------------------------------------
Total                  2.39e-04   1.20e-04   1.61e-07   3.59e-04 100.0%
                          66.6%      33.3%       0.0%

======================= Slowest Corner ===================================

Group                  Internal  Switching    Leakage      Total
                          Power      Power      Power      Power (Watts)
----------------------------------------------------------------
Sequential             6.76e-05   1.51e-05   6.33e-07   8.34e-05  33.9%
Combinational          9.96e-05   6.22e-05   9.00e-07   1.63e-04  66.1%
Macro                  0.00e+00   0.00e+00   0.00e+00   0.00e+00   0.0%
Pad                    0.00e+00   0.00e+00   0.00e+00   0.00e+00   0.0%
----------------------------------------------------------------
Total                  1.67e-04   7.73e-05   1.53e-06   2.46e-04 100.0%
                          67.9%      31.4%       0.6%

======================= Typical Corner ===================================

Group                  Internal  Switching    Leakage      Total
                          Power      Power      Power      Power (Watts)
----------------------------------------------------------------
Sequential             8.69e-05   1.94e-05   1.59e-07   1.06e-04  34.3%
Combinational          1.23e-04   8.05e-05   1.80e-09   2.04e-04  65.7%
Macro                  0.00e+00   0.00e+00   0.00e+00   0.00e+00   0.0%
Pad                    0.00e+00   0.00e+00   0.00e+00   0.00e+00   0.0%
----------------------------------------------------------------
Total                  2.10e-04   1.00e-04   1.60e-07   3.10e-04 100.0%
                          67.7%      32.2%       0.1%

