
===========================================================================
report_checks -unconstrained
===========================================================================
======================= Fastest Corner ===================================

Startpoint: rst_n (input port clocked by clk)
Endpoint: _225_ (recovery check against rising-edge clock clk)
Path Group: asynchronous
Path Type: max
Corner: Fastest

Fanout     Cap    Slew   Delay    Time   Description
-----------------------------------------------------------------------------
                          0.00    0.00   clock clk (rise edge)
                          0.00    0.00   clock network delay (propagated)
                          4.00    4.00 ^ input external delay
                  0.02    0.01    4.01 ^ rst_n (in)
     1    0.00                           rst_n (net)
                  0.02    0.00    4.01 ^ input9/A (sky130_fd_sc_hd__buf_1)
                  0.11    0.11    4.11 ^ input9/X (sky130_fd_sc_hd__buf_1)
     1    0.01                           net9 (net)
                  0.11    0.00    4.12 ^ fanout16/A (sky130_fd_sc_hd__buf_2)
                  0.15    0.18    4.30 ^ fanout16/X (sky130_fd_sc_hd__buf_2)
     7    0.04                           net16 (net)
                  0.15    0.00    4.30 ^ fanout15/A (sky130_fd_sc_hd__clkbuf_4)
                  0.12    0.19    4.49 ^ fanout15/X (sky130_fd_sc_hd__clkbuf_4)
    10    0.05                           net15 (net)
                  0.12    0.00    4.50 ^ _225_/SET_B (sky130_fd_sc_hd__dfstp_1)
                                  4.50   data arrival time

                         20.00   20.00   clock clk (rise edge)
                          0.00   20.00   clock source latency
                  0.07    0.04   20.04 ^ clk (in)
     1    0.02                           clk (net)
                  0.07    0.00   20.04 ^ clkbuf_0_clk/A (sky130_fd_sc_hd__clkbuf_16)
                  0.05    0.10   20.15 ^ clkbuf_0_clk/X (sky130_fd_sc_hd__clkbuf_16)
     4    0.04                           clknet_0_clk (net)
                  0.05    0.00   20.15 ^ clkbuf_2_1__f_clk/A (sky130_fd_sc_hd__clkbuf_16)
                  0.04    0.09   20.24 ^ clkbuf_2_1__f_clk/X (sky130_fd_sc_hd__clkbuf_16)
    10    0.03                           clknet_2_1__leaf_clk (net)
                  0.04    0.00   20.24 ^ _225_/CLK (sky130_fd_sc_hd__dfstp_1)
                         -0.25   19.99   clock uncertainty
                          0.00   19.99   clock reconvergence pessimism
                          0.09   20.08   library recovery time
                                 20.08   data required time
-----------------------------------------------------------------------------
                                 20.08   data required time
                                 -4.50   data arrival time
-----------------------------------------------------------------------------
                                 15.59   slack (MET)


Startpoint: _225_ (rising edge-triggered flip-flop clocked by clk)
Endpoint: tx_out (output port clocked by clk)
Path Group: clk
Path Type: max
Corner: Fastest

Fanout     Cap    Slew   Delay    Time   Description
-----------------------------------------------------------------------------
                          0.00    0.00   clock clk (rise edge)
                          0.00    0.00   clock source latency
                  0.07    0.05    0.05 ^ clk (in)
     1    0.02                           clk (net)
                  0.07    0.00    0.05 ^ clkbuf_0_clk/A (sky130_fd_sc_hd__clkbuf_16)
                  0.05    0.11    0.16 ^ clkbuf_0_clk/X (sky130_fd_sc_hd__clkbuf_16)
     4    0.04                           clknet_0_clk (net)
                  0.05    0.00    0.16 ^ clkbuf_2_1__f_clk/A (sky130_fd_sc_hd__clkbuf_16)
                  0.04    0.10    0.27 ^ clkbuf_2_1__f_clk/X (sky130_fd_sc_hd__clkbuf_16)
    10    0.03                           clknet_2_1__leaf_clk (net)
                  0.04    0.00    0.27 ^ _225_/CLK (sky130_fd_sc_hd__dfstp_1)
                  0.17    0.42    0.69 ^ _225_/Q (sky130_fd_sc_hd__dfstp_1)
     2    0.02                           net12 (net)
                  0.17    0.00    0.69 ^ output12/A (sky130_fd_sc_hd__clkbuf_4)
                  0.09    0.17    0.86 ^ output12/X (sky130_fd_sc_hd__clkbuf_4)
     1    0.03                           tx_out (net)
                  0.09    0.00    0.86 ^ tx_out (out)
                                  0.86   data arrival time

                         20.00   20.00   clock clk (rise edge)
                          0.00   20.00   clock network delay (propagated)
                         -0.25   19.75   clock uncertainty
                          0.00   19.75   clock reconvergence pessimism
                         -4.00   15.75   output external delay
                                 15.75   data required time
-----------------------------------------------------------------------------
                                 15.75   data required time
                                 -0.86   data arrival time
-----------------------------------------------------------------------------
                                 14.89   slack (MET)



======================= Slowest Corner ===================================

Startpoint: rst_n (input port clocked by clk)
Endpoint: _225_ (recovery check against rising-edge clock clk)
Path Group: asynchronous
Path Type: max
Corner: Slowest

Fanout     Cap    Slew   Delay    Time   Description
-----------------------------------------------------------------------------
                          0.00    0.00   clock clk (rise edge)
                          0.00    0.00   clock network delay (propagated)
                          4.00    4.00 ^ input external delay
                  0.03    0.02    4.02 ^ rst_n (in)
     1    0.00                           rst_n (net)
                  0.03    0.00    4.02 ^ input9/A (sky130_fd_sc_hd__buf_1)
                  0.23    0.26    4.28 ^ input9/X (sky130_fd_sc_hd__buf_1)
     1    0.01                           net9 (net)
                  0.23    0.00    4.28 ^ fanout16/A (sky130_fd_sc_hd__buf_2)
                  0.31    0.47    4.75 ^ fanout16/X (sky130_fd_sc_hd__buf_2)
     7    0.04                           net16 (net)
                  0.31    0.00    4.75 ^ fanout15/A (sky130_fd_sc_hd__clkbuf_4)
                  0.24    0.51    5.26 ^ fanout15/X (sky130_fd_sc_hd__clkbuf_4)
    10    0.05                           net15 (net)
                  0.24    0.00    5.27 ^ _225_/SET_B (sky130_fd_sc_hd__dfstp_1)
                                  5.27   data arrival time

                         20.00   20.00   clock clk (rise edge)
                          0.00   20.00   clock source latency
                  0.14    0.09   20.09 ^ clk (in)
     1    0.02                           clk (net)
                  0.14    0.00   20.09 ^ clkbuf_0_clk/A (sky130_fd_sc_hd__clkbuf_16)
                  0.10    0.27   20.36 ^ clkbuf_0_clk/X (sky130_fd_sc_hd__clkbuf_16)
     4    0.04                           clknet_0_clk (net)
                  0.10    0.00   20.36 ^ clkbuf_2_1__f_clk/A (sky130_fd_sc_hd__clkbuf_16)
                  0.08    0.24   20.60 ^ clkbuf_2_1__f_clk/X (sky130_fd_sc_hd__clkbuf_16)
    10    0.03                           clknet_2_1__leaf_clk (net)
                  0.08    0.00   20.60 ^ _225_/CLK (sky130_fd_sc_hd__dfstp_1)
                         -0.25   20.35   clock uncertainty
                          0.00   20.35   clock reconvergence pessimism
                          0.25   20.61   library recovery time
                                 20.61   data required time
-----------------------------------------------------------------------------
                                 20.61   data required time
                                 -5.27   data arrival time
-----------------------------------------------------------------------------
                                 15.34   slack (MET)


Startpoint: tx_start (input port clocked by clk)
Endpoint: _227_ (rising edge-triggered flip-flop clocked by clk)
Path Group: clk
Path Type: max
Corner: Slowest

Fanout     Cap    Slew   Delay    Time   Description
-----------------------------------------------------------------------------
                          0.00    0.00   clock clk (rise edge)
                          0.00    0.00   clock network delay (propagated)
                          4.00    4.00 v input external delay
                  0.02    0.01    4.01 v tx_start (in)
     1    0.00                           tx_start (net)
                  0.02    0.00    4.01 v input10/A (sky130_fd_sc_hd__dlymetal6s2s_1)
                  0.20    0.39    4.39 v input10/X (sky130_fd_sc_hd__dlymetal6s2s_1)
     3    0.02                           net10 (net)
                  0.20    0.00    4.39 v _145_/D (sky130_fd_sc_hd__or4_1)
                  0.23    1.14    5.53 v _145_/X (sky130_fd_sc_hd__or4_1)
     3    0.01                           _042_ (net)
                  0.23    0.00    5.53 v _146_/C (sky130_fd_sc_hd__and3_1)
                  0.09    0.49    6.02 v _146_/X (sky130_fd_sc_hd__and3_1)
     2    0.01                           _043_ (net)
                  0.09    0.00    6.02 v _147_/S (sky130_fd_sc_hd__mux2_1)
                  0.11    0.73    6.75 v _147_/X (sky130_fd_sc_hd__mux2_1)
     1    0.00                           _044_ (net)
                  0.11    0.00    6.75 v _148_/A (sky130_fd_sc_hd__clkbuf_1)
                  0.05    0.18    6.94 v _148_/X (sky130_fd_sc_hd__clkbuf_1)
     1    0.00                           _003_ (net)
                  0.05    0.00    6.94 v _227_/D (sky130_fd_sc_hd__dfrtp_4)
                                  6.94   data arrival time

                         20.00   20.00   clock clk (rise edge)
                          0.00   20.00   clock source latency
                  0.14    0.09   20.09 ^ clk (in)
     1    0.02                           clk (net)
                  0.14    0.00   20.09 ^ clkbuf_0_clk/A (sky130_fd_sc_hd__clkbuf_16)
                  0.10    0.27   20.36 ^ clkbuf_0_clk/X (sky130_fd_sc_hd__clkbuf_16)
     4    0.04                           clknet_0_clk (net)
                  0.10    0.00   20.36 ^ clkbuf_2_3__f_clk/A (sky130_fd_sc_hd__clkbuf_16)
                  0.06    0.22   20.58 ^ clkbuf_2_3__f_clk/X (sky130_fd_sc_hd__clkbuf_16)
     6    0.02                           clknet_2_3__leaf_clk (net)
                  0.06    0.00   20.58 ^ _227_/CLK (sky130_fd_sc_hd__dfrtp_4)
                         -0.25   20.33   clock uncertainty
                          0.00   20.33   clock reconvergence pessimism
                         -0.27   20.06   library setup time
                                 20.06   data required time
-----------------------------------------------------------------------------
                                 20.06   data required time
                                 -6.94   data arrival time
-----------------------------------------------------------------------------
                                 13.13   slack (MET)



======================= Typical Corner ===================================

Startpoint: rst_n (input port clocked by clk)
Endpoint: _225_ (recovery check against rising-edge clock clk)
Path Group: asynchronous
Path Type: max
Corner: Typical

Fanout     Cap    Slew   Delay    Time   Description
-----------------------------------------------------------------------------
                          0.00    0.00   clock clk (rise edge)
                          0.00    0.00   clock network delay (propagated)
                          4.00    4.00 ^ input external delay
                  0.02    0.01    4.01 ^ rst_n (in)
     1    0.00                           rst_n (net)
                  0.02    0.00    4.01 ^ input9/A (sky130_fd_sc_hd__buf_1)
                  0.15    0.15    4.16 ^ input9/X (sky130_fd_sc_hd__buf_1)
     1    0.01                           net9 (net)
                  0.15    0.00    4.16 ^ fanout16/A (sky130_fd_sc_hd__buf_2)
                  0.20    0.27    4.43 ^ fanout16/X (sky130_fd_sc_hd__buf_2)
     7    0.04                           net16 (net)
                  0.20    0.00    4.43 ^ fanout15/A (sky130_fd_sc_hd__clkbuf_4)
                  0.16    0.29    4.72 ^ fanout15/X (sky130_fd_sc_hd__clkbuf_4)
    10    0.05                           net15 (net)
                  0.16    0.00    4.73 ^ _225_/SET_B (sky130_fd_sc_hd__dfstp_1)
                                  4.73   data arrival time

                         20.00   20.00   clock clk (rise edge)
                          0.00   20.00   clock source latency
                  0.09    0.06   20.06 ^ clk (in)
     1    0.02                           clk (net)
                  0.09    0.00   20.06 ^ clkbuf_0_clk/A (sky130_fd_sc_hd__clkbuf_16)
                  0.06    0.15   20.21 ^ clkbuf_0_clk/X (sky130_fd_sc_hd__clkbuf_16)
     4    0.04                           clknet_0_clk (net)
                  0.06    0.00   20.21 ^ clkbuf_2_1__f_clk/A (sky130_fd_sc_hd__clkbuf_16)
                  0.05    0.14   20.35 ^ clkbuf_2_1__f_clk/X (sky130_fd_sc_hd__clkbuf_16)
    10    0.03                           clknet_2_1__leaf_clk (net)
                  0.05    0.00   20.35 ^ _225_/CLK (sky130_fd_sc_hd__dfstp_1)
                         -0.25   20.10   clock uncertainty
                          0.00   20.10   clock reconvergence pessimism
                          0.13   20.23   library recovery time
                                 20.23   data required time
-----------------------------------------------------------------------------
                                 20.23   data required time
                                 -4.73   data arrival time
-----------------------------------------------------------------------------
                                 15.50   slack (MET)


Startpoint: _225_ (rising edge-triggered flip-flop clocked by clk)
Endpoint: tx_out (output port clocked by clk)
Path Group: clk
Path Type: max
Corner: Typical

Fanout     Cap    Slew   Delay    Time   Description
-----------------------------------------------------------------------------
                          0.00    0.00   clock clk (rise edge)
                          0.00    0.00   clock source latency
                  0.09    0.07    0.07 ^ clk (in)
     1    0.02                           clk (net)
                  0.09    0.00    0.07 ^ clkbuf_0_clk/A (sky130_fd_sc_hd__clkbuf_16)
                  0.06    0.17    0.23 ^ clkbuf_0_clk/X (sky130_fd_sc_hd__clkbuf_16)
     4    0.04                           clknet_0_clk (net)
                  0.06    0.00    0.23 ^ clkbuf_2_1__f_clk/A (sky130_fd_sc_hd__clkbuf_16)
                  0.05    0.15    0.38 ^ clkbuf_2_1__f_clk/X (sky130_fd_sc_hd__clkbuf_16)
    10    0.03                           clknet_2_1__leaf_clk (net)
                  0.05    0.00    0.39 ^ _225_/CLK (sky130_fd_sc_hd__dfstp_1)
                  0.22    0.66    1.05 ^ _225_/Q (sky130_fd_sc_hd__dfstp_1)
     2    0.02                           net12 (net)
                  0.22    0.00    1.05 ^ output12/A (sky130_fd_sc_hd__clkbuf_4)
                  0.11    0.26    1.31 ^ output12/X (sky130_fd_sc_hd__clkbuf_4)
     1    0.03                           tx_out (net)
                  0.11    0.00    1.31 ^ tx_out (out)
                                  1.31   data arrival time

                         20.00   20.00   clock clk (rise edge)
                          0.00   20.00   clock network delay (propagated)
                         -0.25   19.75   clock uncertainty
                          0.00   19.75   clock reconvergence pessimism
                         -4.00   15.75   output external delay
                                 15.75   data required time
-----------------------------------------------------------------------------
                                 15.75   data required time
                                 -1.31   data arrival time
-----------------------------------------------------------------------------
                                 14.44   slack (MET)




===========================================================================
report_checks --slack_max -0.01
============================================================================
======================= Fastest Corner ===================================

No paths found.

======================= Slowest Corner ===================================

No paths found.

======================= Typical Corner ===================================

No paths found.


===========================================================================
 report_check_types -max_slew -max_cap -max_fanout -violators
============================================================================
======================= Fastest Corner ===================================


======================= Slowest Corner ===================================


======================= Typical Corner ===================================



===========================================================================
report_parasitic_annotation -report_unannotated
============================================================================
Found 0 unannotated drivers.
Found 0 partially unannotated drivers.

===========================================================================
max slew violation count 0
max fanout violation count 0
max cap violation count 0
============================================================================

===========================================================================
check_setup -verbose -unconstrained_endpoints -multiple_clock -no_clock -no_input_delay -loops -generated_clocks
===========================================================================
