
===========================================================================
 report_power
============================================================================
======================= Fastest Corner ===================================

Group                  Internal  Switching    Leakage      Total
                          Power      Power      Power      Power (Watts)
----------------------------------------------------------------
Sequential             1.00e-04   2.51e-05   1.59e-07   1.25e-04  34.2%
Combinational          1.39e-04   1.02e-04   2.73e-09   2.41e-04  65.8%
Macro                  0.00e+00   0.00e+00   0.00e+00   0.00e+00   0.0%
Pad                    0.00e+00   0.00e+00   0.00e+00   0.00e+00   0.0%
----------------------------------------------------------------
Total                  2.39e-04   1.27e-04   1.61e-07   3.66e-04 100.0%
                          65.3%      34.7%       0.0%

======================= Slowest Corner ===================================

Group                  Internal  Switching    Leakage      Total
                          Power      Power      Power      Power (Watts)
----------------------------------------------------------------
Sequential             6.74e-05   1.63e-05   6.33e-07   8.44e-05  33.6%
Combinational          9.97e-05   6.61e-05   9.00e-07   1.67e-04  66.4%
Macro                  0.00e+00   0.00e+00   0.00e+00   0.00e+00   0.0%
Pad                    0.00e+00   0.00e+00   0.00e+00   0.00e+00   0.0%
----------------------------------------------------------------
Total                  1.67e-04   8.24e-05   1.53e-06   2.51e-04 100.0%
                          66.6%      32.8%       0.6%

======================= Typical Corner ===================================

Group                  Internal  Switching    Leakage      Total
                          Power      Power      Power      Power (Watts)
----------------------------------------------------------------
Sequential             8.67e-05   2.10e-05   1.59e-07   1.08e-04  34.1%
Combinational          1.23e-04   8.54e-05   1.80e-09   2.09e-04  65.9%
Macro                  0.00e+00   0.00e+00   0.00e+00   0.00e+00   0.0%
Pad                    0.00e+00   0.00e+00   0.00e+00   0.00e+00   0.0%
----------------------------------------------------------------
Total                  2.10e-04   1.06e-04   1.60e-07   3.16e-04 100.0%
                          66.3%      33.6%       0.1%

